// Jest Snapshot v1, https://goo.gl/fbAQLP

exports[`Testing the friends component 1`] = `
<div>
  <div
    class="MuiBox-root css-zwhokb"
  >
    <div
      class="MuiBox-root css-1gts8n"
    >
      <span
        class="MuiTypography-root MuiTypography-poster css-92zgu-MuiTypography-root"
      >
        Friends
      </span>
      <div
        aria-label="outline button group"
        class="MuiButtonGroup-root MuiButtonGroup-outlined css-iajp3t-MuiButtonGroup-root"
        role="group"
      >
        <button
          aria-label="friends"
          class="MuiButtonBase-root MuiIconButton-root MuiIconButton-sizeMedium css-78trlr-MuiButtonBase-root-MuiIconButton-root"
          data-mui-internal-clone-element="true"
          tabindex="0"
          type="button"
        >
          <svg
            aria-hidden="true"
            class="MuiSvgIcon-root MuiSvgIcon-fontSizeMedium css-cly8x9-MuiSvgIcon-root"
            data-testid="PeopleIcon"
            focusable="false"
            viewBox="0 0 24 24"
          >
            <path
              d="M16 11c1.66 0 2.99-1.34 2.99-3S17.66 5 16 5c-1.66 0-3 1.34-3 3s1.34 3 3 3zm-8 0c1.66 0 2.99-1.34 2.99-3S9.66 5 8 5C6.34 5 5 6.34 5 8s1.34 3 3 3zm0 2c-2.33 0-7 1.17-7 3.5V19h14v-2.5c0-2.33-4.67-3.5-7-3.5zm8 0c-.29 0-.62.02-.97.05 1.16.84 1.97 1.97 1.97 3.45V19h6v-2.5c0-2.33-4.67-3.5-7-3.5z"
            />
          </svg>
          <span
            class="MuiTouchRipple-root css-8je8zh-MuiTouchRipple-root"
          />
        </button>
        <button
          aria-label="Friend Requests"
          class="MuiButtonBase-root MuiIconButton-root MuiIconButton-sizeMedium css-78trlr-MuiButtonBase-root-MuiIconButton-root"
          data-mui-internal-clone-element="true"
          tabindex="0"
          type="button"
        >
          <svg
            aria-hidden="true"
            class="MuiSvgIcon-root MuiSvgIcon-fontSizeMedium css-1hfhy7y-MuiSvgIcon-root"
            data-testid="AddBoxIcon"
            focusable="false"
            viewBox="0 0 24 24"
          >
            <path
              d="M19 3H5c-1.11 0-2 .9-2 2v14c0 1.1.89 2 2 2h14c1.1 0 2-.9 2-2V5c0-1.1-.9-2-2-2zm-2 10h-4v4h-2v-4H7v-2h4V7h2v4h4v2z"
            />
          </svg>
          <span
            class="MuiTouchRipple-root css-8je8zh-MuiTouchRipple-root"
          />
        </button>
        <button
          aria-label="Sent Requests"
          class="MuiButtonBase-root MuiIconButton-root MuiIconButton-sizeMedium css-78trlr-MuiButtonBase-root-MuiIconButton-root"
          data-mui-internal-clone-element="true"
          tabindex="0"
          type="button"
        >
          <svg
            aria-hidden="true"
            class="MuiSvgIcon-root MuiSvgIcon-fontSizeMedium css-cly8x9-MuiSvgIcon-root"
            data-testid="CancelScheduleSendIcon"
            focusable="false"
            viewBox="0 0 24 24"
          >
            <path
              d="M16.5 9c-.42 0-.83.04-1.24.11L1.01 3 1 10l9 2-9 2 .01 7 8.07-3.46C9.59 21.19 12.71 24 16.5 24c4.14 0 7.5-3.36 7.5-7.5S20.64 9 16.5 9zm0 13c-3.03 0-5.5-2.47-5.5-5.5s2.47-5.5 5.5-5.5 5.5 2.47 5.5 5.5-2.47 5.5-5.5 5.5z"
            />
            <path
              d="m18.27 14.03-1.77 1.76-1.77-1.76-.7.7 1.76 1.77-1.76 1.77.7.7 1.77-1.76 1.77 1.76.7-.7-1.76-1.77 1.76-1.77z"
            />
          </svg>
          <span
            class="MuiTouchRipple-root css-8je8zh-MuiTouchRipple-root"
          />
        </button>
      </div>
    </div>
    <hr
      class="MuiDivider-root MuiDivider-fullWidth css-9mgopn-MuiDivider-root"
    />
    <div
      class="MuiBox-root css-1p6nnf3"
    >
      <span
        class="MuiCircularProgress-root MuiCircularProgress-indeterminate MuiCircularProgress-colorPrimary css-9c8soh-MuiCircularProgress-root"
        role="progressbar"
        style="width: 1rem; height: 1rem;"
      >
        <svg
          class="MuiCircularProgress-svg css-1idz92c-MuiCircularProgress-svg"
          viewBox="22 22 44 44"
        >
          <circle
            class="MuiCircularProgress-circle MuiCircularProgress-circleIndeterminate css-176wh8e-MuiCircularProgress-circle"
            cx="44"
            cy="44"
            fill="none"
            r="20.2"
            stroke-width="3.6"
          />
        </svg>
      </span>
      <span
        class="MuiTypography-root MuiTypography-poster css-37jdci-MuiTypography-root"
      >
        Fetching your friend List
      </span>
    </div>
  </div>
</div>
`;
